--------------------------------------------------------------------------------------
Timing Analyzer Summary
--------------------------------------------------------------------------------------

Type           : Worst-case tco
Slack          : N/A
Required Time  : None
Actual Time    : 10.271 ns
From           : test_bench1:test_bench_inst|LengthCounterSystem:length_counter_sys_inst|LengthCounter:LengthCounter_inst|lpm_counter:lpm_counter_component|cntr_k7j:auto_generated|safe_q[2]
To             : test_frame_valid
From Clock     : clock25
To Clock       : --
Failed Paths   : 0

Type           : Clock Setup: 'clock25'
Slack          : N/A
Required Time  : None
Actual Time    : Restricted to 195.01 MHz ( period = 5.128 ns )
From           : test_bench1:test_bench_inst|Length_DCFF:length_buffer_inst|dcfifo:dcfifo_component|dcfifo_ksh1:auto_generated|a_graycounter_3fc:wrptr_gp|counter13a[0]
To             : test_bench1:test_bench_inst|Length_DCFF:length_buffer_inst|dcfifo:dcfifo_component|dcfifo_ksh1:auto_generated|altsyncram_ro61:fifo_ram|ram_block14a0~porta_datain_reg11
From Clock     : clock25
To Clock       : clock25
Failed Paths   : 0

Type           : Clock Setup: 'clock50'
Slack          : N/A
Required Time  : None
Actual Time    : Restricted to 195.01 MHz ( period = 5.128 ns )
From           : test_bench1:test_bench_inst|Data_Buffer:data_buffer_inst|Data_DCFF:DCFF_inst|dcfifo_mixed_widths:dcfifo_mixed_widths_component|dcfifo_30i1:auto_generated|rdptr_g[1]
To             : test_bench1:test_bench_inst|Data_Buffer:data_buffer_inst|Data_DCFF:DCFF_inst|dcfifo_mixed_widths:dcfifo_mixed_widths_component|dcfifo_30i1:auto_generated|altsyncram_qo61:fifo_ram|altsyncram_6ve1:altsyncram11|ram_block12a3~porta_address_reg10
From Clock     : clock50
To Clock       : clock50
Failed Paths   : 0

Type           : Total number of failed paths
Slack          : 
Required Time  : 
Actual Time    : 
From           : 
To             : 
From Clock     : 
To Clock       : 
Failed Paths   : 0

--------------------------------------------------------------------------------------

