--------------------------------------------------------------------------------------
Timing Analyzer Summary
--------------------------------------------------------------------------------------

Type           : Worst-case tco
Slack          : N/A
Required Time  : None
Actual Time    : 10.200 ns
From           : test_bench1:test_bench_inst|shift1_1bit:shift1_1bit_instCR|lpm_shiftreg:lpm_shiftreg_component|dffs[0]
To             : frame_to_monitoring[0]
From Clock     : clock50
To Clock       : --
Failed Paths   : 0

Type           : Worst-case tpd
Slack          : N/A
Required Time  : None
Actual Time    : 7.936 ns
From           : port_id[0]
To             : frame_to_monitoring[10]
From Clock     : --
To Clock       : --
Failed Paths   : 0

Type           : Clock Setup: 'clock50'
Slack          : N/A
Required Time  : None
Actual Time    : 195.27 MHz ( period = 5.121 ns )
From           : test_bench1:test_bench_inst|Data_Buffer:data_buffer_inst|Data_DCFF:DCFF_inst|dcfifo_mixed_widths:dcfifo_mixed_widths_component|dcfifo_30i1:auto_generated|rdptr_g[5]
To             : test_bench1:test_bench_inst|Length_DCFF:length_buffer_inst|dcfifo:dcfifo_component|dcfifo_lsh1:auto_generated|altsyncram_ro61:fifo_ram|q_b[20]
From Clock     : clock50
To Clock       : clock50
Failed Paths   : 0

Type           : Total number of failed paths
Slack          : 
Required Time  : 
Actual Time    : 
From           : 
To             : 
From Clock     : 
To Clock       : 
Failed Paths   : 0

--------------------------------------------------------------------------------------

